// Jest Snapshot v1, https://goo.gl/fbAQLP

exports[`Teste para UI Deve tirar o snapshot 1`] = `
<app-root
  title={[Function String]}
>
  <html
    lang="en"
    style="margin-top:0px;"
  >
    <head>
      <link
        href="./app.component.scss"
        rel="style"
      />
      <link
        href="https://fonts.googleapis.com/css2?family=Qwigley&display=swap"
        rel="stylesheet"
      />
      <meta
        charset="utf-8"
      />
      <title>
        TU Paper
      </title>
    </head>
    <div
      class="header"
    >
      <h1
        class="titulo"
      >
        TU Paper
      </h1>
    </div>
    <body
      style="display:flex; margin-top: 0px; margin-left: 35px; margin-right:0px;"
    >
      <div
        class="content"
      >
        <app-produto />
      </div>
    </body>
  </html>
</app-root>
`;
